[1;31m[0m[1;33m[0m[1;32m===============================================================================[0m
[1;32mAll tests passed[0m (1284 assertions in 5 test cases)

Checking python binding consistency.
Python bindings are consistent.
